Test 10 passed.
Test 11 passed.
Test 12 passed.
Test 13 passed.
Test 14 passed.
Test 20 passed.
Test 21 passed.
Test 30 passed.
Test 40 passed.
Test 50 passed.
Test 51 passed.
Test 60 passed.
Test 61 passed.
Test 62 passed.
Test 70 passed.
Test 71 passed.
Test 80 passed.
Test 81 passed.
Test 82 passed.
Test 100 passed.
Test 101 passed.
Test 102 passed.
Test 103 passed.
